CeedBasis in a H^1 space on a quadrilateral element
  P: 2
  Q: 3
  dimension: 2
  field components: 1
  qref1d:   	 -1.00000000	  0.00000000	  1.00000000
  qweight1d:	  0.33333334	  1.33333337	  0.33333334
  interp1d:
    [0]	  1.00000000	  0.00000000
    [1]	  0.50000000	  0.50000000
    [2]	  0.00000000	  1.00000000
  grad1d:
    [0]	 -0.50000000	  0.50000000
    [1]	 -0.50000000	  0.50000000
    [2]	 -0.50000000	  0.50000000
