CeedElemRestriction at points from (6, 1) to 3 elements with a maximum of 3 points on an element
